> NOTE: The Vercel CLI now collects telemetry regarding usage of the CLI.
> This information is used to shape the CLI roadmap and prioritize features.
> You can learn more, including how to opt-out if you'd not like to participate in this program, by visiting the following URL:
> https://vercel.com/docs/cli/about-telemetry
Retrieving project…
Deploying oktaliaputri-9209s-projects/leadflow
Uploading [--------------------] (0.0B/8.7KB)
Uploading [===========---------] (5.0KB/8.7KB)
Uploading [============--------] (5.4KB/8.7KB)
Uploading [====================] (8.7KB/8.7KB)
  Inspect     https://vercel.com/oktaliaputri-9209s-projects/leadflow/JDUNktubovNCoxtBEJw3ykbupdZR
▲ Production  https://leadflow-lqmwd5bbe-oktaliaputri-9209s-projects.vercel.app
https://leadflow-lqmwd5bbe-oktaliaputri-9209s-projects.vercel.appBuilding…
Building…
Running build in Washington, D.C., USA (East) – iad1
Build machine configuration: 2 cores, 8 GB
Retrieving list of deployment files...
Downloading 35 deployment files...
Restored build cache from previous deployment (24sLKpyRUoy7DJHW7oDtBToK9Nqj)
Running "vercel build"
Vercel CLI 55.0.0
Detected `pnpm-lock.yaml` 9 which may be generated by pnpm@9.x or pnpm@10.x
Using pnpm@10.x based on project creation date
To use pnpm@9.x, manually opt in using corepack (https://vercel.com/docs/deployments/configure-a-build#corepack)
Installing dependencies...
Error: Command "node .v0/inject-built-with-v0.mjs && next build" exited with 1
